SQL> SELECT DISTINCT p1.maker FROM product p1
  2  WHERE p1.type = 'Laptop' AND NOT EXISTS (SELECT * from product p2 where p1.maker = p2.maker AND p2.type = 'PC');

MAKER                                                                           
--------------------                                                            
F                                                                               
G                                                                               

SQL> SELECT pc3.model, pc2.model FROM PC pc2, (SELECT MIN(pc1.model) AS model, pc1.speed, pc1.ram FROM PC pc1 GROUP BY pc1.speed, pc1.ram) pc3 WHERE pc3.speed = pc2.speed AND pc3.ram = pc2.ram AND pc3.model <> pc2.model;

     MODEL      MODEL                                                           
---------- ----------                                                           
      1004       1012                                                           

SQL> SELECT DISTINCT maker FROM product p, PC, Laptop l WHERE p.model = PC.model  AND PC.speed = (SELECT MAX(pc2.speed) FROM PC pc2) OR (p.model = l.model AND l.speed = (SELECT MAX(l2.speed) FROM Laptop l2));

MAKER                                                                           
--------------------                                                            
A                                                                               
B                                                                               

SQL> (SELECT AVG(price) FROM product p, PC WHERE p.maker = 'D' AND p.model = PC.model) UNION (SELECT AVG(price)  FROM product p, Laptop l WHERE p.maker = 'D' AND p.model = l.model);

AVG(PRICE)                                                                      
----------                                                                      
       730                                                                      
                                                                                

SQL> SELECT speed, AVG(price) FROM PC WHERE speed > 2.0 GROUP BY speed;

     SPEED AVG(PRICE)                                                           
---------- ----------                                                           
       2.2        640                                                           
       2.8 689.333333                                                           
       3.2      839.5                                                           
      2.66       2114                                                           
       2.1        995                                                           
      3.06        529                                                           

6 rows selected.

SQL> SELECT AVG(ram),p.maker FROM PC, Product p WHERE PC.model = p.model AND p.maker in (SELECT DISTINCT maker FROM product p2 WHERE p2.type='Printer')
  2  GROUP BY p.maker;

  AVG(RAM) MAKER                                                                
---------- --------------------                                                 
1706.66667 D                                                                    
1194.66667 E                                                                    


APPENDIX (Assertions and Triggers for Question 2)

CREATE ASSERTION duplicate 
CHECK (NOT EXISTS(
	SELECT DISTINCT maker FROM product p WHERE p.type='PC' AND p.maker IN (SELECT p2.maker FROM product p2 WHERE p2.type='Laptop')
	)
);


CREATE ASSERTION  priceCheck 
CHECK (NOT EXISTS(
SELECT l.model,l.ram,l.price,pc.model,pc.ram,pc.price FROM PC, Laptop l WHERE l.ram > pc.ram AND l.price <= pc.price
	)
);


CREATE OR REPLACE TRIGGER check1 BEFORE UPDATE OF ram,hd ON PC FOR EACH ROW BEGIN 
    IF (:new.hd < 100*:new.ram/1000) THEN 
        RAISE_APPLICATION_ERROR(-20000, 'PC has at least 100 times as much hard disk as RAM'); 
    END IF; 
END check1;

